
Allocating common symbols
Common symbol       size              file

g_task_own_fpu      0x4               task.o
g_startup_time      0x4               machdep.o
task0               0x4               task.o
g_task_running      0x4               task.o
g_resched           0x4               task.o
g_intr_vector       0x40              startup.o
g_ram_zone          0x40              startup.o
g_volinfo           0x34              startup.o
g_task_head         0x4               task.o

Memory Configuration

Name             Origin             Length             Attributes
*default*        0x00000000         0xffffffff

Linker script and memory map

                0x00400000                __image_base__ = 0x400000
                0x00000000                __dll__ = 0x0
                0x00400000                ___ImageBase = 0x400000
                0x00001000                __section_alignment__ = 0x1000
                0x00000200                __file_alignment__ = 0x200
                0x00000004                __major_os_version__ = 0x4
                0x00000000                __minor_os_version__ = 0x0
                0x00000001                __major_image_version__ = 0x1
                0x00000000                __minor_image_version__ = 0x0
                0x00000004                __major_subsystem_version__ = 0x4
                0x00000000                __minor_subsystem_version__ = 0x0
                0x00000003                __subsystem__ = 0x3
                0x00200000                __size_of_stack_reserve__ = 0x200000
                0x00001000                __size_of_stack_commit__ = 0x1000
                0x00100000                __size_of_heap_reserve__ = 0x100000
                0x00001000                __size_of_heap_commit__ = 0x1000
                0x00000000                __loader_flags__ = 0x0
                0x00000000                __dll_characteristics__ = 0x0
LOAD entry.o
LOAD ide.o
LOAD floppy.o
LOAD pci.o
LOAD vm86.o
LOAD kbd.o
LOAD timer.o
LOAD machdep.o
LOAD task.o
LOAD mktime.o
LOAD sem.o
LOAD page.o
LOAD startup.o
LOAD frame.o
LOAD kmalloc.o
LOAD dosfs.o
LOAD pe.o
LOAD elf.o
LOAD printk.o
LOAD bitmap.o
LOAD ../lib/softfloat.o
LOAD ../lib/string.o
LOAD ../lib/memcpy.o
LOAD ../lib/memset.o
LOAD ../lib/snprintf.o
LOAD ../lib/tlsf/tlsf.o
                0xc0100000                . = 0xc0100000

.text           0xc0100000     0x9e00
 *(.text)
 .text          0xc0100000      0x974 entry.o
                0xc0100000                entry
                0xc0100036                exception_divide_error
                0xc010003c                exception_debug
                0xc0100042                exception_nmi
                0xc0100048                exception_breakpoint
                0xc010004e                exception_overflow
                0xc0100054                exception_bounds_check
                0xc010005a                exception_inval_opcode
                0xc0100060                exception_copr_not_avail
                0xc0100066                exception_double_fault
                0xc010006a                exception_copr_seg_overrun
                0xc0100070                exception_inval_tss
                0xc0100074                exception_segment_not_present
                0xc0100078                exception_stack_fault
                0xc010007c                exception_general_protection
                0xc0100080                exception_page_fault
                0xc0100084                exception_intel_reserved
                0xc010008a                exception_copr_error
                0xc0100090                exception_alignment_check
                0xc0100094                exception_machine_check
                0xc010009a                exception_simd_fp
                0xc0100129                int0x82_syscall
                0xc0100185                ret_from_syscall
                0xc01001bf                hwint00
                0xc0100234                hwint01
                0xc01002a9                hwint02
                0xc010031e                hwint03
                0xc0100393                hwint04
                0xc0100408                hwint05
                0xc010047d                hwint06
                0xc01004f2                hwint07
                0xc0100567                hwint08
                0xc01005de                hwint09
                0xc0100655                hwint10
                0xc01006cc                hwint11
                0xc0100743                hwint12
                0xc01007ba                hwint13
                0xc0100831                hwint14
                0xc01008a8                hwint15
                0xc010091f                lgdt
                0xc0100945                lidt
                0xc010094d                sys_vm86
 .text          0xc0100974      0x20c ide.o
                0xc01009ac                ide_init
                0xc0100a00                ide_read_sector
                0xc0100ad8                ide_write_sector
 .text          0xc0100b80        0x0 floppy.o
 .text          0xc0100b80      0x2fc pci.o
                0xc0100da0                pci_get_bar_addr
                0xc0100dc4                pci_get_bar_size
                0xc0100e2c                pci_get_intr_line
                0xc0100e48                pci_init
 .text          0xc0100e7c      0xba0 vm86.o
                0xc0100e7c                vm86_init
                0xc0100f38                vm86_emulate
                0xc01018d8                vm86_call
 .text          0xc0101a1c      0x2c8 kbd.o
                0xc0101a1c                isr_keyboard
                0xc0101cc0                sys_getchar
 .text          0xc0101ce4      0x36c timer.o
                0xc0101d60                isr_timer
                0xc0101eac                calibrate_delay
                0xc0101fb8                sys_sleep
                0xc0101fd0                sys_nanosleep
 .text          0xc0102050     0x17dc machdep.o
                0xc0102050                enable_irq
                0xc0102088                disable_irq
                0xc01020c0                switch_to
                0xc01020ec                sys_time
                0xc0102104                sys_getpriority
                0xc010213c                sys_setpriority
                0xc010217c                sys_putchar
                0xc01022a8                sys_beep
                0xc01022e8                syscall
                0xc01027ac                do_page_fault
                0xc0102844                exception
                0xc0102d40                cstart
 .text          0xc010382c      0x5b4 task.o
                0xc010382c                schedule
                0xc010393c                sleep_on
                0xc01039a4                wake_up
                0xc01039cc                get_task
                0xc01039f0                sys_task_create
                0xc0103c68                sys_task_exit
                0xc0103cb8                sys_task_wait
                0xc0103d68                sys_task_getid
                0xc0103d7c                sys_task_yield
                0xc0103d90                init_task
 .text          0xc0103de0       0xa0 mktime.o
                0xc0103de0                mktime
 .text          0xc0103e80       0x20 sem.o
                0xc0103e80                sys_sem_create
                0xc0103e88                sys_sem_destroy
                0xc0103e90                sys_sem_wait
                0xc0103e98                sys_sem_signal
 .text          0xc0103ea0      0x3c0 page.o
                0xc0103ea0                init_vmspace
                0xc0103ee4                page_alloc_in_addr
                0xc0103ffc                page_alloc
                0xc010411c                page_free
                0xc01041b0                page_prot
                0xc01041f4                page_map
                0xc0104230                page_unmap
 .text          0xc0104260      0x2f0 startup.o
                0xc0104260                isr_default
                0xc0104264                DFS_ReadSector
                0xc01042b0                DFS_WriteSector
                0xc01042fc                start_user_task
                0xc010448c                mi_startup
 .text          0xc0104550      0x2b8 frame.o
                0xc0104550                init_frame
                0xc0104668                frame_alloc_in_addr
                0xc0104700                frame_alloc
                0xc010479c                frame_free
 .text          0xc0104808       0xc0 kmalloc.o
                0xc0104808                kmalloc
                0xc010482c                krealloc
                0xc0104858                kfree
                0xc010487c                kmemalign
                0xc01048a8                init_kmalloc
 .text          0xc01048c8     0x2024 dosfs.o
                0xc01048c8                ldiv
                0xc01048e4                div
                0xc0104900                DFS_GetPtnStart
                0xc01049dc                DFS_GetVolInfo
                0xc0104b98                DFS_GetFAT
                0xc0104db8                DFS_SetFAT
                0xc01051a4                DFS_CanonicalToDir
                0xc0105218                DFS_GetFreeFAT
                0xc0105278                DFS_GetNext
                0xc010540c                DFS_OpenDir
                0xc0105688                DFS_GetFreeDirEnt
                0xc0105808                DFS_OpenFile
                0xc0105cb4                DFS_ReadFile
                0xc0106010                DFS_Seek
                0xc01061f0                DFS_UnlinkFile
                0xc0106314                DFS_WriteFile
                0xc01068e8                DFS_Close
 .text          0xc01068ec      0x360 pe.o
                0xc01068ec                load_aout
 .text          0xc0106c4c        0x0 elf.o
 .text          0xc0106c4c       0x58 printk.o
                0xc0106c4c                printk
 .text          0xc0106ca4      0x464 bitmap.o
                0xc0106ca4                bitmap_buf_size
                0xc0106cb8                bitmap_size
                0xc0106cc0                bitmap_set
                0xc0106cf0                bitmap_mark
                0xc0106d10                bitmap_reset
                0xc0106d30                bitmap_flip
                0xc0106d50                bitmap_test
                0xc0106d74                bitmap_set_multiple
                0xc0106db4                bitmap_set_all
                0xc0106de0                bitmap_create_in_buf
                0xc0106e0c                bitmap_count
                0xc0106e5c                bitmap_contains
                0xc0106ed0                bitmap_any
                0xc0106f30                bitmap_none
                0xc0106f8c                bitmap_all
                0xc0106fe8                bitmap_scan
                0xc01070ac                bitmap_scan_and_flip
 .text          0xc0107108      0x224 ../lib/softfloat.o
                0xc0107108                __udivmoddi4
                0xc01071c0                __divdi3
                0xc0107228                __moddi3
                0xc01072ac                __udivdi3
                0xc01072e0                __umoddi3
 .text          0xc010732c      0x358 ../lib/string.o
                0xc010732c                memcmp
                0xc0107354                memmove
                0xc01073a4                memchr
                0xc01073cc                strcat
                0xc01073f0                strcmp
                0xc010741c                strncmp
                0xc0107468                strchr
                0xc010748c                strrchr
                0xc01074b0                strstr
                0xc0107550                strcpy
                0xc0107570                strlen
                0xc0107588                strncpy
                0xc01075cc                strcasecmp
                0xc0107614                strncasecmp
 .text          0xc0107684      0x530 ../lib/memcpy.o
                0xc0107684                memcpy
 .text          0xc0107bb4       0x9c ../lib/memset.o
                0xc0107bb4                memset
 .text          0xc0107c50     0x1680 ../lib/snprintf.o
                0xc0108bb4                vsnprintf
                0xc01092a4                snprintf
 .text          0xc01092d0      0x9b4 ../lib/tlsf/tlsf.o
                0xc010964c                tlsf_check
                0xc0109750                tlsf_walk_pool
                0xc01097bc                tlsf_block_size
                0xc01097d0                tlsf_check_pool
                0xc0109808                tlsf_size
                0xc0109810                tlsf_align_size
                0xc0109818                tlsf_block_size_min
                0xc0109820                tlsf_block_size_max
                0xc0109828                tlsf_pool_overhead
                0xc0109830                tlsf_alloc_overhead
                0xc0109838                tlsf_add_pool
                0xc0109888                tlsf_remove_pool
                0xc01098d0                tlsf_create
                0xc010991c                tlsf_create_with_pool
                0xc0109998                tlsf_destroy
                0xc010999c                tlsf_get_pool
                0xc01099a8                tlsf_malloc
                0xc01099d4                tlsf_memalign
                0xc0109ab4                tlsf_free
                0xc0109b28                tlsf_realloc
                0xc0109c84                . = ALIGN (0x4)

.rodata
 *(.rodata)

.rdata          0xc0109ca0     0x1400
 *(.rdata)
 .rdata         0xc0109ca0       0x3c ide.o
 .rdata         0xc0109cdc      0x26c vm86.o
 *fill*         0xc0109f48       0x18 
 .rdata         0xc0109f60      0x5a0 kbd.o
 .rdata         0xc010a500       0x44 timer.o
 .rdata         0xc010a544      0x390 machdep.o
 .rdata         0xc010a8d4       0x78 task.o
 *fill*         0xc010a94c       0x14 
 .rdata         0xc010a960       0x40 mktime.o
 .rdata         0xc010a9a0      0x144 startup.o
 .rdata         0xc010aae4       0x24 frame.o
 .rdata         0xc010ab08       0x8c pe.o
 *fill*         0xc010ab94        0xc 
 .rdata         0xc010aba0      0x100 ../lib/string.o
 .rdata         0xc010aca0       0x20 ../lib/memcpy.o
 .rdata         0xc010acc0      0x328 ../lib/snprintf.o

.eh_frame       0xc010b000     0x2200
 .eh_frame      0xc010b000       0xe0 ide.o
 .eh_frame      0xc010b0e0      0x178 pci.o
 .eh_frame      0xc010b258       0xc8 vm86.o
 .eh_frame      0xc010b320       0x4c kbd.o
 .eh_frame      0xc010b36c      0x104 timer.o
 .eh_frame      0xc010b470      0x294 machdep.o
 .eh_frame      0xc010b704      0x1c0 task.o
 .eh_frame      0xc010b8c4       0x40 mktime.o
 .eh_frame      0xc010b904       0x68 sem.o
 .eh_frame      0xc010b96c      0x184 page.o
 .eh_frame      0xc010baf0       0xe0 startup.o
 .eh_frame      0xc010bbd0      0x120 frame.o
 .eh_frame      0xc010bcf0       0xb0 kmalloc.o
 .eh_frame      0xc010bda0      0x4d8 dosfs.o
 .eh_frame      0xc010c278       0x70 pe.o
 .eh_frame      0xc010c2e8       0x4c printk.o
 .eh_frame      0xc010c334      0x310 bitmap.o
 .eh_frame      0xc010c644      0x108 ../lib/softfloat.o
 .eh_frame      0xc010c74c      0x268 ../lib/string.o
 .eh_frame      0xc010c9b4       0x70 ../lib/memcpy.o
 .eh_frame      0xc010ca24       0x64 ../lib/memset.o
 .eh_frame      0xc010ca88      0x130 ../lib/snprintf.o
 .eh_frame      0xc010cbb8      0x4f4 ../lib/tlsf/tlsf.o

.data           0xc010d0c0     0x2200
 *(.data)
 .data          0xc010d0c0     0x2000 entry.o
                0xc010f0c0                tmp_stack
 .data          0xc010f0c0        0x0 ide.o
 .data          0xc010f0c0        0x0 floppy.o
 .data          0xc010f0c0        0x0 pci.o
 .data          0xc010f0c0        0x0 vm86.o
 .data          0xc010f0c0        0x0 kbd.o
 .data          0xc010f0c0        0x0 timer.o
 .data          0xc010f0c0       0x40 machdep.o
 .data          0xc010f100        0x0 task.o
 .data          0xc010f100        0x0 mktime.o
 .data          0xc010f100        0x0 sem.o
 .data          0xc010f100        0x0 page.o
 .data          0xc010f100        0x8 startup.o
                0xc010f100                PTD
                0xc010f104                PT
 .data          0xc010f108        0x0 frame.o
 .data          0xc010f108        0x0 kmalloc.o
 .data          0xc010f108        0x0 dosfs.o
 .data          0xc010f108        0x0 pe.o
 .data          0xc010f108        0x0 elf.o
 .data          0xc010f108        0x0 printk.o
 .data          0xc010f108        0x0 bitmap.o
 .data          0xc010f108        0x0 ../lib/softfloat.o
 .data          0xc010f108        0x0 ../lib/string.o
 .data          0xc010f108        0x0 ../lib/memcpy.o
 .data          0xc010f108        0x0 ../lib/memset.o
 .data          0xc010f108        0x0 ../lib/snprintf.o
 .data          0xc010f108        0x0 ../lib/tlsf/tlsf.o

.drectve        0xc0110000      0x200
 .drectve       0xc0110000       0x20 machdep.o
 .drectve       0xc0110020       0x8c task.o
 .drectve       0xc01100ac       0x54 startup.o
                0xc0110100                . = ALIGN (0x4)
                0xc0110100                _edata = .

.bss            0xc0110100     0x16b4
 *(.bss)
 .bss           0xc0110100        0x0 entry.o
 .bss           0xc0110100        0x0 ide.o
 .bss           0xc0110100        0x0 floppy.o
 .bss           0xc0110100     0x1060 pci.o
 .bss           0xc0111160        0x0 vm86.o
 .bss           0xc0111160       0x40 kbd.o
 .bss           0xc01111a0        0xc timer.o
                0xc01111a0                g_load_avg
                0xc01111a4                g_timer_ticks
 *fill*         0xc01111ac       0x14 
 .bss           0xc01111c0      0x4a0 machdep.o
 .bss           0xc0111660        0x4 task.o
 .bss           0xc0111664        0x0 mktime.o
 .bss           0xc0111664        0x0 sem.o
 .bss           0xc0111664       0x18 page.o
 .bss           0xc011167c        0x0 startup.o
 *fill*         0xc011167c        0x4 
 .bss           0xc0111680       0x60 frame.o
 .bss           0xc01116e0        0x4 kmalloc.o
 .bss           0xc01116e4        0x0 dosfs.o
 .bss           0xc01116e4        0x0 pe.o
 .bss           0xc01116e4        0x0 elf.o
 .bss           0xc01116e4        0x0 printk.o
 .bss           0xc01116e4        0x0 bitmap.o
 .bss           0xc01116e4        0x0 ../lib/softfloat.o
 .bss           0xc01116e4        0x0 ../lib/string.o
 .bss           0xc01116e4        0x0 ../lib/memcpy.o
 .bss           0xc01116e4        0x0 ../lib/memset.o
 .bss           0xc01116e4        0x0 ../lib/snprintf.o
 .bss           0xc01116e4        0x0 ../lib/tlsf/tlsf.o
 *(COMMON)
 COMMON         0xc01116e4        0x4 machdep.o
                0xc01116e4                g_startup_time
 COMMON         0xc01116e8       0x14 task.o
                0xc01116e8                g_task_own_fpu
                0xc01116ec                task0
                0xc01116f0                g_task_running
                0xc01116f4                g_resched
                0xc01116f8                g_task_head
 *fill*         0xc01116fc        0x4 
 COMMON         0xc0111700       0xb4 startup.o
                0xc0111700                g_intr_vector
                0xc0111740                g_ram_zone
                0xc0111780                g_volinfo
                0xc01117b4                . = ALIGN (0x4)
                0xc01117b4                _end = .
OUTPUT(eposkrnl.out pei-i386)

.debug_info     0x00000000    0x12c00
 .debug_info    0x00000000      0xe6d ide.o
 .debug_info    0x00000e6d      0x910 pci.o
 .debug_info    0x0000177d      0xc1c vm86.o
 .debug_info    0x00002399      0x72f kbd.o
 .debug_info    0x00002ac8      0x9c6 timer.o
 .debug_info    0x0000348e     0x3968 machdep.o
 .debug_info    0x00006df6      0x9b1 task.o
 .debug_info    0x000077a7      0x1de mktime.o
 .debug_info    0x00007985      0x1ca sem.o
 .debug_info    0x00007b4f      0x54c page.o
 .debug_info    0x0000809b      0xe44 startup.o
 .debug_info    0x00008edf      0x5eb frame.o
 .debug_info    0x000094ca      0x3e3 kmalloc.o
 .debug_info    0x000098ad     0x26d3 dosfs.o
 .debug_info    0x0000bf80     0x112f pe.o
 .debug_info    0x0000d0af      0x233 printk.o
 .debug_info    0x0000d2e2      0xdad bitmap.o
 .debug_info    0x0000e08f      0x363 ../lib/softfloat.o
 .debug_info    0x0000e3f2      0x6b4 ../lib/string.o
 .debug_info    0x0000eaa6      0x2de ../lib/memcpy.o
 .debug_info    0x0000ed84      0x198 ../lib/memset.o
 .debug_info    0x0000ef1c      0xeac ../lib/snprintf.o
 .debug_info    0x0000fdc8     0x2c85 ../lib/tlsf/tlsf.o

.debug_abbrev   0x00000000     0x2e00
 .debug_abbrev  0x00000000      0x1ae ide.o
 .debug_abbrev  0x000001ae      0x21e pci.o
 .debug_abbrev  0x000003cc      0x253 vm86.o
 .debug_abbrev  0x0000061f      0x197 kbd.o
 .debug_abbrev  0x000007b6      0x241 timer.o
 .debug_abbrev  0x000009f7      0x49f machdep.o
 .debug_abbrev  0x00000e96      0x342 task.o
 .debug_abbrev  0x000011d8       0xb5 mktime.o
 .debug_abbrev  0x0000128d       0x64 sem.o
 .debug_abbrev  0x000012f1      0x1c5 page.o
 .debug_abbrev  0x000014b6      0x217 startup.o
 .debug_abbrev  0x000016cd      0x17a frame.o
 .debug_abbrev  0x00001847       0xfe kmalloc.o
 .debug_abbrev  0x00001945      0x33f dosfs.o
 .debug_abbrev  0x00001c84      0x1e2 pe.o
 .debug_abbrev  0x00001e66       0xfa printk.o
 .debug_abbrev  0x00001f60      0x2e7 bitmap.o
 .debug_abbrev  0x00002247      0x131 ../lib/softfloat.o
 .debug_abbrev  0x00002378      0x184 ../lib/string.o
 .debug_abbrev  0x000024fc       0xab ../lib/memcpy.o
 .debug_abbrev  0x000025a7       0x85 ../lib/memset.o
 .debug_abbrev  0x0000262c      0x21d ../lib/snprintf.o
 .debug_abbrev  0x00002849      0x4b6 ../lib/tlsf/tlsf.o

.debug_loc      0x00000000    0x10000
 .debug_loc     0x00000000      0xcfc ide.o
 .debug_loc     0x00000cfc      0x470 pci.o
 .debug_loc     0x0000116c     0x124b vm86.o
 .debug_loc     0x000023b7      0x1d1 kbd.o
 .debug_loc     0x00002588      0x487 timer.o
 .debug_loc     0x00002a0f     0x165e machdep.o
 .debug_loc     0x0000406d      0x738 task.o
 .debug_loc     0x000047a5       0xfb mktime.o
 .debug_loc     0x000048a0      0x829 page.o
 .debug_loc     0x000050c9      0x29b startup.o
 .debug_loc     0x00005364      0x43a frame.o
 .debug_loc     0x0000579e      0x188 kmalloc.o
 .debug_loc     0x00005926     0x2d5b dosfs.o
 .debug_loc     0x00008681      0x367 pe.o
 .debug_loc     0x000089e8       0xdf printk.o
 .debug_loc     0x00008ac7      0xae5 bitmap.o
 .debug_loc     0x000095ac      0x514 ../lib/softfloat.o
 .debug_loc     0x00009ac0      0xc06 ../lib/string.o
 .debug_loc     0x0000a6c6      0x979 ../lib/memcpy.o
 .debug_loc     0x0000b03f      0x23e ../lib/memset.o
 .debug_loc     0x0000b27d     0x2b75 ../lib/snprintf.o
 .debug_loc     0x0000ddf2     0x21a0 ../lib/tlsf/tlsf.o

.debug_aranges  0x00000000      0x400
 .debug_aranges
                0x00000000       0x20 ide.o
 .debug_aranges
                0x00000020       0x20 pci.o
 .debug_aranges
                0x00000040       0x20 vm86.o
 .debug_aranges
                0x00000060       0x20 kbd.o
 .debug_aranges
                0x00000080       0x20 timer.o
 .debug_aranges
                0x000000a0       0x20 machdep.o
 .debug_aranges
                0x000000c0       0x20 task.o
 .debug_aranges
                0x000000e0       0x20 mktime.o
 .debug_aranges
                0x00000100       0x20 sem.o
 .debug_aranges
                0x00000120       0x20 page.o
 .debug_aranges
                0x00000140       0x20 startup.o
 .debug_aranges
                0x00000160       0x20 frame.o
 .debug_aranges
                0x00000180       0x20 kmalloc.o
 .debug_aranges
                0x000001a0       0x20 dosfs.o
 .debug_aranges
                0x000001c0       0x20 pe.o
 .debug_aranges
                0x000001e0       0x20 printk.o
 .debug_aranges
                0x00000200       0x20 bitmap.o
 .debug_aranges
                0x00000220       0x20 ../lib/softfloat.o
 .debug_aranges
                0x00000240       0x20 ../lib/string.o
 .debug_aranges
                0x00000260       0x20 ../lib/memcpy.o
 .debug_aranges
                0x00000280       0x20 ../lib/memset.o
 .debug_aranges
                0x000002a0       0x20 ../lib/snprintf.o
 .debug_aranges
                0x000002c0       0x20 ../lib/tlsf/tlsf.o

.debug_line     0x00000000     0x3200
 .debug_line    0x00000000      0x1e0 ide.o
 .debug_line    0x000001e0        0x0 floppy.o
 .debug_line    0x000001e0       0xeb pci.o
 .debug_line    0x000002cb      0x48d vm86.o
 .debug_line    0x00000758       0xfa kbd.o
 .debug_line    0x00000852      0x165 timer.o
 .debug_line    0x000009b7      0x6e0 machdep.o
 .debug_line    0x00001097      0x1d0 task.o
 .debug_line    0x00001267       0x7f mktime.o
 .debug_line    0x000012e6       0x3a sem.o
 .debug_line    0x00001320      0x1a8 page.o
 .debug_line    0x000014c8      0x134 startup.o
 .debug_line    0x000015fc       0xeb frame.o
 .debug_line    0x000016e7       0x9b kmalloc.o
 .debug_line    0x00001782      0x6a4 dosfs.o
 .debug_line    0x00001e26      0x109 pe.o
 .debug_line    0x00001f2f        0x0 elf.o
 .debug_line    0x00001f2f       0x88 printk.o
 .debug_line    0x00001fb7      0x1fb bitmap.o
 .debug_line    0x000021b2       0xac ../lib/softfloat.o
 .debug_line    0x0000225e      0x14e ../lib/string.o
 .debug_line    0x000023ac      0x167 ../lib/memcpy.o
 .debug_line    0x00002513       0xbf ../lib/memset.o
 .debug_line    0x000025d2      0x654 ../lib/snprintf.o
 .debug_line    0x00002c26      0x454 ../lib/tlsf/tlsf.o

.debug_str      0x00000000      0x400
 .debug_str     0x00000000        0xf pci.o
 .debug_str     0x0000000f        0xc vm86.o
 .debug_str     0x0000001b       0x2e machdep.o
 .debug_str     0x00000049       0x10 task.o
 .debug_str     0x00000059        0xd page.o
 .debug_str     0x00000066        0x8 frame.o
 .debug_str     0x0000006e        0xc kmalloc.o
 .debug_str     0x0000007a       0xb5 dosfs.o
 .debug_str     0x0000012f       0x28 pe.o
 .debug_str     0x00000157       0x1c bitmap.o
 .debug_str     0x00000173       0x17 ../lib/memcpy.o
 .debug_str     0x0000018a       0x53 ../lib/snprintf.o
 .debug_str     0x000001dd       0x6e ../lib/tlsf/tlsf.o

.debug_ranges   0x00000000     0x1000
 .debug_ranges  0x00000000      0x280 vm86.o
 .debug_ranges  0x00000280       0x60 kbd.o
 .debug_ranges  0x000002e0       0x30 timer.o
 .debug_ranges  0x00000310      0x180 machdep.o
 .debug_ranges  0x00000490       0x98 task.o
 .debug_ranges  0x00000528       0x18 startup.o
 .debug_ranges  0x00000540       0x18 frame.o
 .debug_ranges  0x00000558      0x370 dosfs.o
 .debug_ranges  0x000008c8       0x20 pe.o
 .debug_ranges  0x000008e8      0x2d0 bitmap.o
 .debug_ranges  0x00000bb8       0x30 ../lib/softfloat.o
 .debug_ranges  0x00000be8       0x40 ../lib/string.o
 .debug_ranges  0x00000c28       0x48 ../lib/memcpy.o
 .debug_ranges  0x00000c70      0x1b0 ../lib/snprintf.o
 .debug_ranges  0x00000e20      0x1d8 ../lib/tlsf/tlsf.o
