
Allocating common symbols
Common symbol       size              file

g_task_own_fpu      0x4               task.o
g_startup_time      0x4               machdep.o
task0               0x4               task.o
g_task_running      0x4               task.o
g_resched           0x4               task.o
g_intr_vector       0x40              startup.o
g_ram_zone          0x40              startup.o
g_volinfo           0x34              startup.o
g_task_head         0x4               task.o

Memory Configuration

Name             Origin             Length             Attributes
*default*        0x00000000         0xffffffff

Linker script and memory map

                0x00400000                __image_base__ = 0x400000
                0x00000000                __dll__ = 0x0
                0x00400000                ___ImageBase = 0x400000
                0x00001000                __section_alignment__ = 0x1000
                0x00000200                __file_alignment__ = 0x200
                0x00000004                __major_os_version__ = 0x4
                0x00000000                __minor_os_version__ = 0x0
                0x00000001                __major_image_version__ = 0x1
                0x00000000                __minor_image_version__ = 0x0
                0x00000004                __major_subsystem_version__ = 0x4
                0x00000000                __minor_subsystem_version__ = 0x0
                0x00000003                __subsystem__ = 0x3
                0x00200000                __size_of_stack_reserve__ = 0x200000
                0x00001000                __size_of_stack_commit__ = 0x1000
                0x00100000                __size_of_heap_reserve__ = 0x100000
                0x00001000                __size_of_heap_commit__ = 0x1000
                0x00000000                __loader_flags__ = 0x0
                0x00000000                __dll_characteristics__ = 0x0
LOAD entry.o
LOAD ide.o
LOAD floppy.o
LOAD pci.o
LOAD vm86.o
LOAD kbd.o
LOAD timer.o
LOAD machdep.o
LOAD task.o
LOAD mktime.o
LOAD sem.o
LOAD page.o
LOAD startup.o
LOAD frame.o
LOAD kmalloc.o
LOAD dosfs.o
LOAD pe.o
LOAD elf.o
LOAD printk.o
LOAD bitmap.o
LOAD ../lib/softfloat.o
LOAD ../lib/string.o
LOAD ../lib/memcpy.o
LOAD ../lib/memset.o
LOAD ../lib/snprintf.o
LOAD ../lib/tlsf/tlsf.o
                0xc0100000                . = 0xc0100000

.text           0xc0100000     0xa000
 *(.text)
 .text          0xc0100000      0x974 entry.o
                0xc0100000                entry
                0xc0100036                exception_divide_error
                0xc010003c                exception_debug
                0xc0100042                exception_nmi
                0xc0100048                exception_breakpoint
                0xc010004e                exception_overflow
                0xc0100054                exception_bounds_check
                0xc010005a                exception_inval_opcode
                0xc0100060                exception_copr_not_avail
                0xc0100066                exception_double_fault
                0xc010006a                exception_copr_seg_overrun
                0xc0100070                exception_inval_tss
                0xc0100074                exception_segment_not_present
                0xc0100078                exception_stack_fault
                0xc010007c                exception_general_protection
                0xc0100080                exception_page_fault
                0xc0100084                exception_intel_reserved
                0xc010008a                exception_copr_error
                0xc0100090                exception_alignment_check
                0xc0100094                exception_machine_check
                0xc010009a                exception_simd_fp
                0xc0100129                int0x82_syscall
                0xc0100185                ret_from_syscall
                0xc01001bf                hwint00
                0xc0100234                hwint01
                0xc01002a9                hwint02
                0xc010031e                hwint03
                0xc0100393                hwint04
                0xc0100408                hwint05
                0xc010047d                hwint06
                0xc01004f2                hwint07
                0xc0100567                hwint08
                0xc01005de                hwint09
                0xc0100655                hwint10
                0xc01006cc                hwint11
                0xc0100743                hwint12
                0xc01007ba                hwint13
                0xc0100831                hwint14
                0xc01008a8                hwint15
                0xc010091f                lgdt
                0xc0100945                lidt
                0xc010094d                sys_vm86
 .text          0xc0100974      0x20c ide.o
                0xc01009ac                ide_init
                0xc0100a00                ide_read_sector
                0xc0100ad8                ide_write_sector
 .text          0xc0100b80        0x0 floppy.o
 .text          0xc0100b80      0x2fc pci.o
                0xc0100da0                pci_get_bar_addr
                0xc0100dc4                pci_get_bar_size
                0xc0100e2c                pci_get_intr_line
                0xc0100e48                pci_init
 .text          0xc0100e7c      0xba0 vm86.o
                0xc0100e7c                vm86_init
                0xc0100f38                vm86_emulate
                0xc01018d8                vm86_call
 .text          0xc0101a1c      0x2c8 kbd.o
                0xc0101a1c                isr_keyboard
                0xc0101cc0                sys_getchar
 .text          0xc0101ce4      0x36c timer.o
                0xc0101d60                isr_timer
                0xc0101eac                calibrate_delay
                0xc0101fb8                sys_sleep
                0xc0101fd0                sys_nanosleep
 .text          0xc0102050     0x1884 machdep.o
                0xc0102050                enable_irq
                0xc0102088                disable_irq
                0xc01020c0                switch_to
                0xc01020ec                sys_time
                0xc0102104                sys_getpriority
                0xc010213c                sys_setpriority
                0xc010217c                sys_putchar
                0xc01022a8                sys_beep
                0xc01022e8                syscall
                0xc0102854                do_page_fault
                0xc01028ec                exception
                0xc0102de8                cstart
 .text          0xc01038d4      0x5b4 task.o
                0xc01038d4                schedule
                0xc01039e4                sleep_on
                0xc0103a4c                wake_up
                0xc0103a74                get_task
                0xc0103a98                sys_task_create
                0xc0103d10                sys_task_exit
                0xc0103d60                sys_task_wait
                0xc0103e10                sys_task_getid
                0xc0103e24                sys_task_yield
                0xc0103e38                init_task
 .text          0xc0103e88       0xa0 mktime.o
                0xc0103e88                mktime
 .text          0xc0103f28      0x130 sem.o
                0xc0103f28                sys_sem_create
                0xc0103f80                sys_sem_destroy
                0xc0103fc0                sys_sem_wait
                0xc0104004                sys_sem_signal
 .text          0xc0104058      0x3c0 page.o
                0xc0104058                init_vmspace
                0xc010409c                page_alloc_in_addr
                0xc01041b4                page_alloc
                0xc01042d4                page_free
                0xc0104368                page_prot
                0xc01043ac                page_map
                0xc01043e8                page_unmap
 .text          0xc0104418      0x2f0 startup.o
                0xc0104418                isr_default
                0xc010441c                DFS_ReadSector
                0xc0104468                DFS_WriteSector
                0xc01044b4                start_user_task
                0xc0104644                mi_startup
 .text          0xc0104708      0x2b8 frame.o
                0xc0104708                init_frame
                0xc0104820                frame_alloc_in_addr
                0xc01048b8                frame_alloc
                0xc0104954                frame_free
 .text          0xc01049c0       0xc0 kmalloc.o
                0xc01049c0                kmalloc
                0xc01049e4                krealloc
                0xc0104a10                kfree
                0xc0104a34                kmemalign
                0xc0104a60                init_kmalloc
 .text          0xc0104a80     0x2024 dosfs.o
                0xc0104a80                ldiv
                0xc0104a9c                div
                0xc0104ab8                DFS_GetPtnStart
                0xc0104b94                DFS_GetVolInfo
                0xc0104d50                DFS_GetFAT
                0xc0104f70                DFS_SetFAT
                0xc010535c                DFS_CanonicalToDir
                0xc01053d0                DFS_GetFreeFAT
                0xc0105430                DFS_GetNext
                0xc01055c4                DFS_OpenDir
                0xc0105840                DFS_GetFreeDirEnt
                0xc01059c0                DFS_OpenFile
                0xc0105e6c                DFS_ReadFile
                0xc01061c8                DFS_Seek
                0xc01063a8                DFS_UnlinkFile
                0xc01064cc                DFS_WriteFile
                0xc0106aa0                DFS_Close
 .text          0xc0106aa4      0x360 pe.o
                0xc0106aa4                load_aout
 .text          0xc0106e04        0x0 elf.o
 .text          0xc0106e04       0x58 printk.o
                0xc0106e04                printk
 .text          0xc0106e5c      0x464 bitmap.o
                0xc0106e5c                bitmap_buf_size
                0xc0106e70                bitmap_size
                0xc0106e78                bitmap_set
                0xc0106ea8                bitmap_mark
                0xc0106ec8                bitmap_reset
                0xc0106ee8                bitmap_flip
                0xc0106f08                bitmap_test
                0xc0106f2c                bitmap_set_multiple
                0xc0106f6c                bitmap_set_all
                0xc0106f98                bitmap_create_in_buf
                0xc0106fc4                bitmap_count
                0xc0107014                bitmap_contains
                0xc0107088                bitmap_any
                0xc01070e8                bitmap_none
                0xc0107144                bitmap_all
                0xc01071a0                bitmap_scan
                0xc0107264                bitmap_scan_and_flip
 .text          0xc01072c0      0x224 ../lib/softfloat.o
                0xc01072c0                __udivmoddi4
                0xc0107378                __divdi3
                0xc01073e0                __moddi3
                0xc0107464                __udivdi3
                0xc0107498                __umoddi3
 .text          0xc01074e4      0x358 ../lib/string.o
                0xc01074e4                memcmp
                0xc010750c                memmove
                0xc010755c                memchr
                0xc0107584                strcat
                0xc01075a8                strcmp
                0xc01075d4                strncmp
                0xc0107620                strchr
                0xc0107644                strrchr
                0xc0107668                strstr
                0xc0107708                strcpy
                0xc0107728                strlen
                0xc0107740                strncpy
                0xc0107784                strcasecmp
                0xc01077cc                strncasecmp
 .text          0xc010783c      0x530 ../lib/memcpy.o
                0xc010783c                memcpy
 .text          0xc0107d6c       0x9c ../lib/memset.o
                0xc0107d6c                memset
 .text          0xc0107e08     0x1680 ../lib/snprintf.o
                0xc0108d6c                vsnprintf
                0xc010945c                snprintf
 .text          0xc0109488      0x9b4 ../lib/tlsf/tlsf.o
                0xc0109804                tlsf_check
                0xc0109908                tlsf_walk_pool
                0xc0109974                tlsf_block_size
                0xc0109988                tlsf_check_pool
                0xc01099c0                tlsf_size
                0xc01099c8                tlsf_align_size
                0xc01099d0                tlsf_block_size_min
                0xc01099d8                tlsf_block_size_max
                0xc01099e0                tlsf_pool_overhead
                0xc01099e8                tlsf_alloc_overhead
                0xc01099f0                tlsf_add_pool
                0xc0109a40                tlsf_remove_pool
                0xc0109a88                tlsf_create
                0xc0109ad4                tlsf_create_with_pool
                0xc0109b50                tlsf_destroy
                0xc0109b54                tlsf_get_pool
                0xc0109b60                tlsf_malloc
                0xc0109b8c                tlsf_memalign
                0xc0109c6c                tlsf_free
                0xc0109ce0                tlsf_realloc
                0xc0109e3c                . = ALIGN (0x4)

.rodata
 *(.rodata)

.rdata          0xc0109e40     0x1400
 *(.rdata)
 .rdata         0xc0109e40       0x3c ide.o
 .rdata         0xc0109e7c      0x26c vm86.o
 *fill*         0xc010a0e8       0x18 
 .rdata         0xc010a100      0x5a0 kbd.o
 .rdata         0xc010a6a0       0x44 timer.o
 .rdata         0xc010a6e4      0x390 machdep.o
 .rdata         0xc010aa74       0x78 task.o
 *fill*         0xc010aaec       0x14 
 .rdata         0xc010ab00       0x40 mktime.o
 .rdata         0xc010ab40      0x144 startup.o
 .rdata         0xc010ac84       0x24 frame.o
 .rdata         0xc010aca8       0x8c pe.o
 *fill*         0xc010ad34        0xc 
 .rdata         0xc010ad40      0x100 ../lib/string.o
 .rdata         0xc010ae40       0x20 ../lib/memcpy.o
 .rdata         0xc010ae60      0x328 ../lib/snprintf.o

.eh_frame       0xc010c000     0x2200
 .eh_frame      0xc010c000       0xe0 ide.o
 .eh_frame      0xc010c0e0      0x178 pci.o
 .eh_frame      0xc010c258       0xc8 vm86.o
 .eh_frame      0xc010c320       0x4c kbd.o
 .eh_frame      0xc010c36c      0x104 timer.o
 .eh_frame      0xc010c470      0x294 machdep.o
 .eh_frame      0xc010c704      0x1c0 task.o
 .eh_frame      0xc010c8c4       0x40 mktime.o
 .eh_frame      0xc010c904       0xb0 sem.o
 .eh_frame      0xc010c9b4      0x184 page.o
 .eh_frame      0xc010cb38       0xe0 startup.o
 .eh_frame      0xc010cc18      0x120 frame.o
 .eh_frame      0xc010cd38       0xb0 kmalloc.o
 .eh_frame      0xc010cde8      0x4d8 dosfs.o
 .eh_frame      0xc010d2c0       0x70 pe.o
 .eh_frame      0xc010d330       0x4c printk.o
 .eh_frame      0xc010d37c      0x310 bitmap.o
 .eh_frame      0xc010d68c      0x108 ../lib/softfloat.o
 .eh_frame      0xc010d794      0x268 ../lib/string.o
 .eh_frame      0xc010d9fc       0x70 ../lib/memcpy.o
 .eh_frame      0xc010da6c       0x64 ../lib/memset.o
 .eh_frame      0xc010dad0      0x130 ../lib/snprintf.o
 .eh_frame      0xc010dc00      0x4f4 ../lib/tlsf/tlsf.o

.data           0xc010e100     0x2200
 *(.data)
 .data          0xc010e100     0x2000 entry.o
                0xc0110100                tmp_stack
 .data          0xc0110100        0x0 ide.o
 .data          0xc0110100        0x0 floppy.o
 .data          0xc0110100        0x0 pci.o
 .data          0xc0110100        0x0 vm86.o
 .data          0xc0110100        0x0 kbd.o
 .data          0xc0110100        0x0 timer.o
 .data          0xc0110100       0x40 machdep.o
 .data          0xc0110140        0x0 task.o
 .data          0xc0110140        0x0 mktime.o
 .data          0xc0110140        0x0 sem.o
 .data          0xc0110140        0x0 page.o
 .data          0xc0110140        0x8 startup.o
                0xc0110140                PTD
                0xc0110144                PT
 .data          0xc0110148        0x0 frame.o
 .data          0xc0110148        0x0 kmalloc.o
 .data          0xc0110148        0x0 dosfs.o
 .data          0xc0110148        0x0 pe.o
 .data          0xc0110148        0x0 elf.o
 .data          0xc0110148        0x0 printk.o
 .data          0xc0110148        0x0 bitmap.o
 .data          0xc0110148        0x0 ../lib/softfloat.o
 .data          0xc0110148        0x0 ../lib/string.o
 .data          0xc0110148        0x0 ../lib/memcpy.o
 .data          0xc0110148        0x0 ../lib/memset.o
 .data          0xc0110148        0x0 ../lib/snprintf.o
 .data          0xc0110148        0x0 ../lib/tlsf/tlsf.o

.drectve        0xc0111000      0x200
 .drectve       0xc0111000       0x20 machdep.o
 .drectve       0xc0111020       0x8c task.o
 .drectve       0xc01110ac       0x54 startup.o
                0xc0111100                . = ALIGN (0x4)
                0xc0111100                _edata = .

.bss            0xc0111100     0x1754
 *(.bss)
 .bss           0xc0111100        0x0 entry.o
 .bss           0xc0111100        0x0 ide.o
 .bss           0xc0111100        0x0 floppy.o
 .bss           0xc0111100     0x1060 pci.o
 .bss           0xc0112160        0x0 vm86.o
 .bss           0xc0112160       0x40 kbd.o
 .bss           0xc01121a0        0xc timer.o
                0xc01121a0                g_load_avg
                0xc01121a4                g_timer_ticks
 *fill*         0xc01121ac       0x14 
 .bss           0xc01121c0      0x4a0 machdep.o
 .bss           0xc0112660        0x4 task.o
 .bss           0xc0112664        0x0 mktime.o
 *fill*         0xc0112664       0x1c 
 .bss           0xc0112680       0x80 sem.o
                0xc0112680                sems
 .bss           0xc0112700       0x18 page.o
 .bss           0xc0112718        0x0 startup.o
 *fill*         0xc0112718        0x8 
 .bss           0xc0112720       0x60 frame.o
 .bss           0xc0112780        0x4 kmalloc.o
 .bss           0xc0112784        0x0 dosfs.o
 .bss           0xc0112784        0x0 pe.o
 .bss           0xc0112784        0x0 elf.o
 .bss           0xc0112784        0x0 printk.o
 .bss           0xc0112784        0x0 bitmap.o
 .bss           0xc0112784        0x0 ../lib/softfloat.o
 .bss           0xc0112784        0x0 ../lib/string.o
 .bss           0xc0112784        0x0 ../lib/memcpy.o
 .bss           0xc0112784        0x0 ../lib/memset.o
 .bss           0xc0112784        0x0 ../lib/snprintf.o
 .bss           0xc0112784        0x0 ../lib/tlsf/tlsf.o
 *(COMMON)
 COMMON         0xc0112784        0x4 machdep.o
                0xc0112784                g_startup_time
 COMMON         0xc0112788       0x14 task.o
                0xc0112788                g_task_own_fpu
                0xc011278c                task0
                0xc0112790                g_task_running
                0xc0112794                g_resched
                0xc0112798                g_task_head
 *fill*         0xc011279c        0x4 
 COMMON         0xc01127a0       0xb4 startup.o
                0xc01127a0                g_intr_vector
                0xc01127e0                g_ram_zone
                0xc0112820                g_volinfo
                0xc0112854                . = ALIGN (0x4)
                0xc0112854                _end = .
OUTPUT(eposkrnl.out pei-i386)

.debug_info     0x00000000    0x13000
 .debug_info    0x00000000      0xe6d ide.o
 .debug_info    0x00000e6d      0x910 pci.o
 .debug_info    0x0000177d      0xc1c vm86.o
 .debug_info    0x00002399      0x72f kbd.o
 .debug_info    0x00002ac8      0x9c6 timer.o
 .debug_info    0x0000348e     0x3a97 machdep.o
 .debug_info    0x00006f25      0x9b1 task.o
 .debug_info    0x000078d6      0x1de mktime.o
 .debug_info    0x00007ab4      0x506 sem.o
 .debug_info    0x00007fba      0x54c page.o
 .debug_info    0x00008506      0xe44 startup.o
 .debug_info    0x0000934a      0x5eb frame.o
 .debug_info    0x00009935      0x3e3 kmalloc.o
 .debug_info    0x00009d18     0x26d3 dosfs.o
 .debug_info    0x0000c3eb     0x112f pe.o
 .debug_info    0x0000d51a      0x233 printk.o
 .debug_info    0x0000d74d      0xdad bitmap.o
 .debug_info    0x0000e4fa      0x363 ../lib/softfloat.o
 .debug_info    0x0000e85d      0x6b4 ../lib/string.o
 .debug_info    0x0000ef11      0x2de ../lib/memcpy.o
 .debug_info    0x0000f1ef      0x198 ../lib/memset.o
 .debug_info    0x0000f387      0xeac ../lib/snprintf.o
 .debug_info    0x00010233     0x2c85 ../lib/tlsf/tlsf.o

.debug_abbrev   0x00000000     0x2e00
 .debug_abbrev  0x00000000      0x1ae ide.o
 .debug_abbrev  0x000001ae      0x21e pci.o
 .debug_abbrev  0x000003cc      0x253 vm86.o
 .debug_abbrev  0x0000061f      0x197 kbd.o
 .debug_abbrev  0x000007b6      0x241 timer.o
 .debug_abbrev  0x000009f7      0x49f machdep.o
 .debug_abbrev  0x00000e96      0x342 task.o
 .debug_abbrev  0x000011d8       0xb5 mktime.o
 .debug_abbrev  0x0000128d      0x119 sem.o
 .debug_abbrev  0x000013a6      0x1c5 page.o
 .debug_abbrev  0x0000156b      0x217 startup.o
 .debug_abbrev  0x00001782      0x17a frame.o
 .debug_abbrev  0x000018fc       0xfe kmalloc.o
 .debug_abbrev  0x000019fa      0x33f dosfs.o
 .debug_abbrev  0x00001d39      0x1e2 pe.o
 .debug_abbrev  0x00001f1b       0xfa printk.o
 .debug_abbrev  0x00002015      0x2e7 bitmap.o
 .debug_abbrev  0x000022fc      0x131 ../lib/softfloat.o
 .debug_abbrev  0x0000242d      0x184 ../lib/string.o
 .debug_abbrev  0x000025b1       0xab ../lib/memcpy.o
 .debug_abbrev  0x0000265c       0x85 ../lib/memset.o
 .debug_abbrev  0x000026e1      0x21d ../lib/snprintf.o
 .debug_abbrev  0x000028fe      0x4b6 ../lib/tlsf/tlsf.o

.debug_loc      0x00000000    0x10200
 .debug_loc     0x00000000      0xcfc ide.o
 .debug_loc     0x00000cfc      0x470 pci.o
 .debug_loc     0x0000116c     0x124b vm86.o
 .debug_loc     0x000023b7      0x1d1 kbd.o
 .debug_loc     0x00002588      0x487 timer.o
 .debug_loc     0x00002a0f     0x16be machdep.o
 .debug_loc     0x000040cd      0x738 task.o
 .debug_loc     0x00004805       0xfb mktime.o
 .debug_loc     0x00004900      0x1da sem.o
 .debug_loc     0x00004ada      0x829 page.o
 .debug_loc     0x00005303      0x29b startup.o
 .debug_loc     0x0000559e      0x43a frame.o
 .debug_loc     0x000059d8      0x188 kmalloc.o
 .debug_loc     0x00005b60     0x2d5b dosfs.o
 .debug_loc     0x000088bb      0x367 pe.o
 .debug_loc     0x00008c22       0xdf printk.o
 .debug_loc     0x00008d01      0xae5 bitmap.o
 .debug_loc     0x000097e6      0x514 ../lib/softfloat.o
 .debug_loc     0x00009cfa      0xc06 ../lib/string.o
 .debug_loc     0x0000a900      0x979 ../lib/memcpy.o
 .debug_loc     0x0000b279      0x23e ../lib/memset.o
 .debug_loc     0x0000b4b7     0x2b75 ../lib/snprintf.o
 .debug_loc     0x0000e02c     0x21a0 ../lib/tlsf/tlsf.o

.debug_aranges  0x00000000      0x400
 .debug_aranges
                0x00000000       0x20 ide.o
 .debug_aranges
                0x00000020       0x20 pci.o
 .debug_aranges
                0x00000040       0x20 vm86.o
 .debug_aranges
                0x00000060       0x20 kbd.o
 .debug_aranges
                0x00000080       0x20 timer.o
 .debug_aranges
                0x000000a0       0x20 machdep.o
 .debug_aranges
                0x000000c0       0x20 task.o
 .debug_aranges
                0x000000e0       0x20 mktime.o
 .debug_aranges
                0x00000100       0x20 sem.o
 .debug_aranges
                0x00000120       0x20 page.o
 .debug_aranges
                0x00000140       0x20 startup.o
 .debug_aranges
                0x00000160       0x20 frame.o
 .debug_aranges
                0x00000180       0x20 kmalloc.o
 .debug_aranges
                0x000001a0       0x20 dosfs.o
 .debug_aranges
                0x000001c0       0x20 pe.o
 .debug_aranges
                0x000001e0       0x20 printk.o
 .debug_aranges
                0x00000200       0x20 bitmap.o
 .debug_aranges
                0x00000220       0x20 ../lib/softfloat.o
 .debug_aranges
                0x00000240       0x20 ../lib/string.o
 .debug_aranges
                0x00000260       0x20 ../lib/memcpy.o
 .debug_aranges
                0x00000280       0x20 ../lib/memset.o
 .debug_aranges
                0x000002a0       0x20 ../lib/snprintf.o
 .debug_aranges
                0x000002c0       0x20 ../lib/tlsf/tlsf.o

.debug_line     0x00000000     0x3200
 .debug_line    0x00000000      0x1e0 ide.o
 .debug_line    0x000001e0        0x0 floppy.o
 .debug_line    0x000001e0       0xeb pci.o
 .debug_line    0x000002cb      0x48d vm86.o
 .debug_line    0x00000758       0xfa kbd.o
 .debug_line    0x00000852      0x165 timer.o
 .debug_line    0x000009b7      0x701 machdep.o
 .debug_line    0x000010b8      0x1d0 task.o
 .debug_line    0x00001288       0x7f mktime.o
 .debug_line    0x00001307       0xd3 sem.o
 .debug_line    0x000013da      0x1a8 page.o
 .debug_line    0x00001582      0x134 startup.o
 .debug_line    0x000016b6       0xeb frame.o
 .debug_line    0x000017a1       0x9b kmalloc.o
 .debug_line    0x0000183c      0x6a4 dosfs.o
 .debug_line    0x00001ee0      0x109 pe.o
 .debug_line    0x00001fe9        0x0 elf.o
 .debug_line    0x00001fe9       0x88 printk.o
 .debug_line    0x00002071      0x1fb bitmap.o
 .debug_line    0x0000226c       0xac ../lib/softfloat.o
 .debug_line    0x00002318      0x14e ../lib/string.o
 .debug_line    0x00002466      0x167 ../lib/memcpy.o
 .debug_line    0x000025cd       0xbf ../lib/memset.o
 .debug_line    0x0000268c      0x654 ../lib/snprintf.o
 .debug_line    0x00002ce0      0x454 ../lib/tlsf/tlsf.o

.debug_str      0x00000000      0x400
 .debug_str     0x00000000        0xf pci.o
 .debug_str     0x0000000f        0xc vm86.o
 .debug_str     0x0000001b       0x2e machdep.o
 .debug_str     0x00000049       0x10 task.o
 .debug_str     0x00000059        0xd page.o
 .debug_str     0x00000066        0x8 frame.o
 .debug_str     0x0000006e        0xc kmalloc.o
 .debug_str     0x0000007a       0xb5 dosfs.o
 .debug_str     0x0000012f       0x28 pe.o
 .debug_str     0x00000157       0x1c bitmap.o
 .debug_str     0x00000173       0x17 ../lib/memcpy.o
 .debug_str     0x0000018a       0x53 ../lib/snprintf.o
 .debug_str     0x000001dd       0x6e ../lib/tlsf/tlsf.o

.debug_ranges   0x00000000     0x1000
 .debug_ranges  0x00000000      0x280 vm86.o
 .debug_ranges  0x00000280       0x60 kbd.o
 .debug_ranges  0x000002e0       0x30 timer.o
 .debug_ranges  0x00000310      0x180 machdep.o
 .debug_ranges  0x00000490       0x98 task.o
 .debug_ranges  0x00000528       0x18 startup.o
 .debug_ranges  0x00000540       0x18 frame.o
 .debug_ranges  0x00000558      0x370 dosfs.o
 .debug_ranges  0x000008c8       0x20 pe.o
 .debug_ranges  0x000008e8      0x2d0 bitmap.o
 .debug_ranges  0x00000bb8       0x30 ../lib/softfloat.o
 .debug_ranges  0x00000be8       0x40 ../lib/string.o
 .debug_ranges  0x00000c28       0x48 ../lib/memcpy.o
 .debug_ranges  0x00000c70      0x1b0 ../lib/snprintf.o
 .debug_ranges  0x00000e20      0x1d8 ../lib/tlsf/tlsf.o
