
Allocating common symbols
Common symbol       size              file

cid                 0x4               main.o
full                0x4               main.o
pid                 0x4               main.o
g_heap              0x4               lib/malloc.o
empty               0x4               main.o

Discarded input sections

 .drectve       0x00000000       0x54 main.o
 .drectve       0x00000000       0x18 lib/malloc.o

Memory Configuration

Name             Origin             Length             Attributes
*default*        0x00000000         0xffffffff

Linker script and memory map

                0x00400000                __image_base__ = 0x400000
                0x00000000                __dll__ = 0x0
                0x00400000                ___ImageBase = 0x400000
                0x00001000                __section_alignment__ = 0x1000
                0x00000200                __file_alignment__ = 0x200
                0x00000004                __major_os_version__ = 0x4
                0x00000000                __minor_os_version__ = 0x0
                0x00000001                __major_image_version__ = 0x1
                0x00000000                __minor_image_version__ = 0x0
                0x00000004                __major_subsystem_version__ = 0x4
                0x00000000                __minor_subsystem_version__ = 0x0
                0x00000003                __subsystem__ = 0x3
                0x00200000                __size_of_stack_reserve__ = 0x200000
                0x00001000                __size_of_stack_commit__ = 0x1000
                0x00100000                __size_of_heap_reserve__ = 0x100000
                0x00001000                __size_of_heap_commit__ = 0x1000
                0x00000000                __loader_flags__ = 0x0
                0x00000000                __dll_characteristics__ = 0x0
LOAD lib/crt0.o
LOAD lib/setjmp.o
LOAD lib/syscall-wrapper.o
LOAD vm86call.o
LOAD graphics.o
LOAD main.o
LOAD lib/sysconf.o
LOAD lib/math.o
LOAD lib/stdio.o
LOAD lib/stdlib.o
LOAD lib/qsort.o
LOAD ../lib/softfloat.o
LOAD ../lib/string.o
LOAD ../lib/memcpy.o
LOAD ../lib/memset.o
LOAD ../lib/snprintf.o
LOAD lib/malloc.o
LOAD ../lib/tlsf/tlsf.o
                0x00000380                . = SIZEOF_HEADERS
                0x00001000                . = ALIGN (__section_alignment__)

.text           0x00401000     0x5600
 *(.init)
 *(.text)
 .text          0x00401000        0x8 lib/crt0.o
                0x00401000                start
 .text          0x00401008       0x38 lib/setjmp.o
                0x00401008                setjmp
                0x00401022                longjmp
 .text          0x00401040       0xa0 lib/syscall-wrapper.o
                0x00401040                task_exit
                0x00401048                task_create
                0x00401050                task_getid
                0x00401058                task_yield
                0x00401060                task_wait
                0x00401068                reboot
                0x00401070                mmap
                0x00401078                munmap
                0x00401080                sleep
                0x00401088                nanosleep
                0x00401090                beep
                0x00401098                vm86
                0x004010a0                putchar
                0x004010a8                getchar
                0x004010b0                recv
                0x004010b8                send
                0x004010c0                ioctl
                0x004010c8                time
                0x004010d0                getpriority
                0x004010d8                setpriority
 .text          0x004010e0      0x13c vm86call.o
                0x004010e0                vm86call
 .text          0x0040121c      0xba0 graphics.o
                0x004013f4                list_graphic_modes
                0x004015f8                init_graphic
                0x0040193c                exit_graphic
                0x00401984                setPixel
                0x00401c74                line
 .text          0x00401dbc      0x5dc main.o
                0x00401dbc                nanosleep_delay
                0x00401dd8                drawBar
                0x00401ea4                control
                0x0040203c                drawArr
                0x00402090                highlightBar
                0x00402100                drawSwap
                0x00402190                drawBoundary
                0x004021e0                createArray
                0x00402224                swap
                0x00402244                insertionSort
                0x004022f4                task_foo3
                0x00402318                task_foo1
                0x00402348                __main
 .text          0x00402398       0x18 lib/sysconf.o
                0x00402398                sysconf
 .text          0x004023b0      0x398 lib/math.o
                0x004023b0                fabs
                0x004023c4                floor
                0x0040240c                ceil
                0x00402468                sin
                0x00402470                cos
                0x00402478                sqrt
                0x00402480                log2
                0x00402490                atan2
                0x004024a0                tan
                0x004024ac                cot
                0x004024b8                pow
                0x00402528                exp
                0x0040256c                log
                0x00402580                atan
 .text          0x00402748      0x18c lib/stdio.o
                0x00402748                printf
                0x004027a0                fprintf
                0x004027f8                vprintf
                0x00402850                vfprintf
                0x00402864                vsprintf
                0x00402890                sprintf
                0x004028bc                fputc
 .text          0x004028d4      0x694 lib/stdlib.o
                0x004028d4                exit
                0x004028dc                ldiv
                0x004028f8                div
                0x00402914                rand_r
                0x004029b4                rand
                0x00402a70                srand
                0x00402a7c                strtol
                0x00402c9c                strtoul
                0x00402f08                atol
                0x00402f2c                strdup
 .text          0x00402f68      0x840 lib/qsort.o
                0x00402f68                qsort
 .text          0x004037a8      0x224 ../lib/softfloat.o
                0x004037a8                __udivmoddi4
                0x00403860                __divdi3
                0x004038c8                __moddi3
                0x0040394c                __udivdi3
                0x00403980                __umoddi3
 .text          0x004039cc      0x358 ../lib/string.o
                0x004039cc                memcmp
                0x004039f4                memmove
                0x00403a44                memchr
                0x00403a6c                strcat
                0x00403a90                strcmp
                0x00403abc                strncmp
                0x00403b08                strchr
                0x00403b2c                strrchr
                0x00403b50                strstr
                0x00403bf0                strcpy
                0x00403c10                strlen
                0x00403c28                strncpy
                0x00403c6c                strcasecmp
                0x00403cb4                strncasecmp
 .text          0x00403d24      0x530 ../lib/memcpy.o
                0x00403d24                memcpy
 .text          0x00404254       0x9c ../lib/memset.o
                0x00404254                memset
 .text          0x004042f0     0x1680 ../lib/snprintf.o
                0x00405254                vsnprintf
                0x00405944                snprintf
 .text          0x00405970       0xb8 lib/malloc.o
                0x00405970                malloc
                0x0040598c                calloc
                0x004059c4                memalign
                0x004059e8                realloc
                0x00405a0c                free
 .text          0x00405a28      0x9b4 ../lib/tlsf/tlsf.o
                0x00405da4                tlsf_check
                0x00405ea8                tlsf_walk_pool
                0x00405f14                tlsf_block_size
                0x00405f28                tlsf_check_pool
                0x00405f60                tlsf_size
                0x00405f68                tlsf_align_size
                0x00405f70                tlsf_block_size_min
                0x00405f78                tlsf_block_size_max
                0x00405f80                tlsf_pool_overhead
                0x00405f88                tlsf_alloc_overhead
                0x00405f90                tlsf_add_pool
                0x00405fe0                tlsf_remove_pool
                0x00406028                tlsf_create
                0x00406074                tlsf_create_with_pool
                0x004060f0                tlsf_destroy
                0x004060f4                tlsf_get_pool
                0x00406100                tlsf_malloc
                0x0040612c                tlsf_memalign
                0x0040620c                tlsf_free
                0x00406280                tlsf_realloc
 *(SORT(.text$*))
 *(.text.*)
 .text.startup  0x004063dc      0x17c main.o
                0x004063dc                main
 *(.gnu.linkonce.t.*)
 *(.glue_7t)
 *(.glue_7)
                0x00406558                ___CTOR_LIST__ = .
                0x00406558                __CTOR_LIST__ = .
                0x00406558        0x4 LONG 0xffffffff
 *(.ctors)
 *(.ctor)
 *(SORT(.ctors.*))
                0x0040655c        0x4 LONG 0x0
                0x00406560                ___DTOR_LIST__ = .
                0x00406560                __DTOR_LIST__ = .
                0x00406560        0x4 LONG 0xffffffff
 *(.dtors)
 *(.dtor)
 *(SORT(.dtors.*))
                0x00406564        0x4 LONG 0x0
 *(.fini)
 *(.gcc_exc)
                0x00406568                PROVIDE (etext, .)
 *(.gcc_except_table)

.data           0x00407000      0x200
                0x00407000                __data_start__ = .
 *(.data)
 .data          0x00407000        0x0 lib/crt0.o
 .data          0x00407000        0x0 lib/setjmp.o
 .data          0x00407000        0x0 lib/syscall-wrapper.o
 .data          0x00407000        0x0 vm86call.o
 .data          0x00407000        0x4 graphics.o
 .data          0x00407004        0x8 main.o
                0x00407004                delay
 .data          0x0040700c        0x0 lib/sysconf.o
 .data          0x0040700c        0x0 lib/math.o
 .data          0x0040700c        0x0 lib/stdio.o
 .data          0x0040700c        0x4 lib/stdlib.o
 .data          0x00407010        0x0 lib/qsort.o
 .data          0x00407010        0x0 ../lib/softfloat.o
 .data          0x00407010        0x0 ../lib/string.o
 .data          0x00407010        0x0 ../lib/memcpy.o
 .data          0x00407010        0x0 ../lib/memset.o
 .data          0x00407010        0x0 ../lib/snprintf.o
 .data          0x00407010        0x0 lib/malloc.o
 .data          0x00407010        0x0 ../lib/tlsf/tlsf.o
 *(.data2)
 *(SORT(.data$*))
 *(.jcr)
                0x00407010                __data_end__ = .
 *(.data_cygwin_nocopy)

.rdata          0x00408000      0x800
 *(.rdata)
 .rdata         0x00408000       0x2c vm86call.o
 .rdata         0x0040802c      0x260 graphics.o
 .rdata         0x0040828c       0x30 main.o
 *fill*         0x004082bc        0x4 
 .rdata         0x004082c0       0xe0 lib/math.o
 .rdata         0x004083a0      0x100 ../lib/string.o
 .rdata         0x004084a0       0x20 ../lib/memcpy.o
 .rdata         0x004084c0      0x328 ../lib/snprintf.o
 *(SORT(.rdata$*))
                0x004087e8                __rt_psrelocs_start = .
 *(.rdata_runtime_pseudo_reloc)
                0x004087e8                __rt_psrelocs_end = .
                0x00000000                __rt_psrelocs_size = (__rt_psrelocs_end - __rt_psrelocs_start)
                0x004087e8                ___RUNTIME_PSEUDO_RELOC_LIST_END__ = .
                0x004087e8                __RUNTIME_PSEUDO_RELOC_LIST_END__ = .
                0x004087e8                ___RUNTIME_PSEUDO_RELOC_LIST__ = (. - __rt_psrelocs_size)
                0x004087e8                __RUNTIME_PSEUDO_RELOC_LIST__ = (. - __rt_psrelocs_size)

.eh_frame       0x00409000     0x1600
 *(.eh_frame*)
 .eh_frame      0x00409000       0x70 vm86call.o
 .eh_frame      0x00409070      0x1d4 graphics.o
 .eh_frame      0x00409244      0x27c main.o
 .eh_frame      0x004094c0       0x2c lib/sysconf.o
 .eh_frame      0x004094ec      0x180 lib/math.o
 .eh_frame      0x0040966c      0x118 lib/stdio.o
 .eh_frame      0x00409784      0x1bc lib/stdlib.o
 .eh_frame      0x00409940       0x70 lib/qsort.o
 .eh_frame      0x004099b0      0x108 ../lib/softfloat.o
 .eh_frame      0x00409ab8      0x268 ../lib/string.o
 .eh_frame      0x00409d20       0x70 ../lib/memcpy.o
 .eh_frame      0x00409d90       0x64 ../lib/memset.o
 .eh_frame      0x00409df4      0x130 ../lib/snprintf.o
 .eh_frame      0x00409f24       0xa4 lib/malloc.o
 .eh_frame      0x00409fc8      0x4f4 ../lib/tlsf/tlsf.o

.pdata
 *(.pdata)

.bss            0x0040b000      0x354
                0x0040b000                __bss_start__ = .
 *(.bss)
 .bss           0x0040b000        0x0 lib/crt0.o
 .bss           0x0040b000        0x0 lib/setjmp.o
 .bss           0x0040b000        0x0 lib/syscall-wrapper.o
 .bss           0x0040b000        0x0 vm86call.o
 .bss           0x0040b000      0x340 graphics.o
                0x0040b000                g_graphic_dev
 .bss           0x0040b340        0x0 main.o
 .bss           0x0040b340        0x0 lib/sysconf.o
 .bss           0x0040b340        0x0 lib/math.o
 .bss           0x0040b340        0x0 lib/stdio.o
 .bss           0x0040b340        0x0 lib/stdlib.o
 .bss           0x0040b340        0x0 lib/qsort.o
 .bss           0x0040b340        0x0 ../lib/softfloat.o
 .bss           0x0040b340        0x0 ../lib/string.o
 .bss           0x0040b340        0x0 ../lib/memcpy.o
 .bss           0x0040b340        0x0 ../lib/memset.o
 .bss           0x0040b340        0x0 ../lib/snprintf.o
 .bss           0x0040b340        0x0 lib/malloc.o
 .bss           0x0040b340        0x0 ../lib/tlsf/tlsf.o
 *(COMMON)
 COMMON         0x0040b340       0x10 main.o
                0x0040b340                cid
                0x0040b344                full
                0x0040b348                pid
                0x0040b34c                empty
 COMMON         0x0040b350        0x4 lib/malloc.o
                0x0040b350                g_heap
                0x0040b354                __bss_end__ = .

.edata
 *(.edata)

/DISCARD/
 *(.debug$S)
 *(.debug$T)
 *(.debug$F)
 *(.drectve)
 *(.note.GNU-stack)
 *(.gnu.lto_*)

.idata          0x0040c000      0x200
 SORT(*)(.idata$2)
 SORT(*)(.idata$3)
                0x0040c000        0x4 LONG 0x0
                0x0040c004        0x4 LONG 0x0
                0x0040c008        0x4 LONG 0x0
                0x0040c00c        0x4 LONG 0x0
                0x0040c010        0x4 LONG 0x0
 SORT(*)(.idata$4)
                0x0040c014                __IAT_start__ = .
 SORT(*)(.idata$5)
                0x0040c014                __IAT_end__ = .
 SORT(*)(.idata$6)
 SORT(*)(.idata$7)

.CRT            0x0040d000        0x0
                0x0040d000                ___crt_xc_start__ = .
 *(SORT(.CRT$XC*))
                0x0040d000                ___crt_xc_end__ = .
                0x0040d000                ___crt_xi_start__ = .
 *(SORT(.CRT$XI*))
                0x0040d000                ___crt_xi_end__ = .
                0x0040d000                ___crt_xl_start__ = .
 *(SORT(.CRT$XL*))
                0x0040d000                ___crt_xp_start__ = .
 *(SORT(.CRT$XP*))
                0x0040d000                ___crt_xp_end__ = .
                0x0040d000                ___crt_xt_start__ = .
 *(SORT(.CRT$XT*))
                0x0040d000                ___crt_xt_end__ = .

.tls            0x0040d000        0x0
                0x0040d000                ___tls_start__ = .
 *(.tls)
 *(.tls$)
 *(SORT(.tls$*))
                0x0040d000                ___tls_end__ = .

.endjunk        0x0040d000        0x0
                0x0040d000                PROVIDE (end, .)
                0x0040d000                PROVIDE (_end, .)
                0x0040d000                __end__ = .

.rsrc
 *(.rsrc)
 *(SORT(.rsrc$*))

.reloc
 *(.reloc)

.stab
 *(.stab)

.stabstr
 *(.stabstr)

.debug_aranges  0x0040d000      0x200
 *(.debug_aranges)
 .debug_aranges
                0x0040d000       0x20 vm86call.o
 .debug_aranges
                0x0040d020       0x20 graphics.o
 .debug_aranges
                0x0040d040       0x28 main.o
 .debug_aranges
                0x0040d068       0x20 lib/sysconf.o
 .debug_aranges
                0x0040d088       0x20 lib/math.o
 .debug_aranges
                0x0040d0a8       0x20 lib/stdio.o
 .debug_aranges
                0x0040d0c8       0x20 lib/stdlib.o
 .debug_aranges
                0x0040d0e8       0x20 lib/qsort.o
 .debug_aranges
                0x0040d108       0x20 ../lib/softfloat.o
 .debug_aranges
                0x0040d128       0x20 ../lib/string.o
 .debug_aranges
                0x0040d148       0x20 ../lib/memcpy.o
 .debug_aranges
                0x0040d168       0x20 ../lib/memset.o
 .debug_aranges
                0x0040d188       0x20 ../lib/snprintf.o
 .debug_aranges
                0x0040d1a8       0x20 lib/malloc.o
 .debug_aranges
                0x0040d1c8       0x20 ../lib/tlsf/tlsf.o

.debug_pubnames
 *(.debug_pubnames)

.debug_pubtypes
 *(.debug_pubtypes)

.debug_info     0x0040e000     0x9800
 *(.debug_info .gnu.linkonce.wi.*)
 .debug_info    0x0040e000      0x35c vm86call.o
 .debug_info    0x0040e35c     0x1314 graphics.o
 .debug_info    0x0040f670     0x10a0 main.o
 .debug_info    0x00410710       0x99 lib/sysconf.o
 .debug_info    0x004107a9      0x5e2 lib/math.o
 .debug_info    0x00410d8b      0x55b lib/stdio.o
 .debug_info    0x004112e6      0x808 lib/stdlib.o
 .debug_info    0x00411aee      0xe11 lib/qsort.o
 .debug_info    0x004128ff      0x364 ../lib/softfloat.o
 .debug_info    0x00412c63      0x6b5 ../lib/string.o
 .debug_info    0x00413318      0x2df ../lib/memcpy.o
 .debug_info    0x004135f7      0x199 ../lib/memset.o
 .debug_info    0x00413790      0xead ../lib/snprintf.o
 .debug_info    0x0041463d      0x343 lib/malloc.o
 .debug_info    0x00414980     0x2c86 ../lib/tlsf/tlsf.o

.debug_abbrev   0x00418000     0x1a00
 *(.debug_abbrev)
 .debug_abbrev  0x00418000      0x102 vm86call.o
 .debug_abbrev  0x00418102      0x319 graphics.o
 .debug_abbrev  0x0041841b      0x200 main.o
 .debug_abbrev  0x0041861b       0x4a lib/sysconf.o
 .debug_abbrev  0x00418665      0x19b lib/math.o
 .debug_abbrev  0x00418800      0x169 lib/stdio.o
 .debug_abbrev  0x00418969      0x234 lib/stdlib.o
 .debug_abbrev  0x00418b9d      0x1c1 lib/qsort.o
 .debug_abbrev  0x00418d5e      0x131 ../lib/softfloat.o
 .debug_abbrev  0x00418e8f      0x184 ../lib/string.o
 .debug_abbrev  0x00419013       0xab ../lib/memcpy.o
 .debug_abbrev  0x004190be       0x85 ../lib/memset.o
 .debug_abbrev  0x00419143      0x21d ../lib/snprintf.o
 .debug_abbrev  0x00419360       0xf8 lib/malloc.o
 .debug_abbrev  0x00419458      0x4b6 ../lib/tlsf/tlsf.o

.debug_line     0x0041a000     0x1c00
 *(.debug_line)
 .debug_line    0x0041a000       0xa3 vm86call.o
 .debug_line    0x0041a0a3      0x2cf graphics.o
 .debug_line    0x0041a372      0x216 main.o
 .debug_line    0x0041a588       0x3d lib/sysconf.o
 .debug_line    0x0041a5c5       0xfc lib/math.o
 .debug_line    0x0041a6c1       0xd7 lib/stdio.o
 .debug_line    0x0041a798      0x248 lib/stdlib.o
 .debug_line    0x0041a9e0      0x229 lib/qsort.o
 .debug_line    0x0041ac09       0xac ../lib/softfloat.o
 .debug_line    0x0041acb5      0x14e ../lib/string.o
 .debug_line    0x0041ae03      0x167 ../lib/memcpy.o
 .debug_line    0x0041af6a       0xbf ../lib/memset.o
 .debug_line    0x0041b029      0x654 ../lib/snprintf.o
 .debug_line    0x0041b67d       0xa1 lib/malloc.o
 .debug_line    0x0041b71e      0x454 ../lib/tlsf/tlsf.o

.debug_frame
 *(.debug_frame*)

.debug_str      0x0041c000      0x200
 *(.debug_str)
 .debug_str     0x0041c000       0x5a graphics.o
 .debug_str     0x0041c05a       0x2f main.o
 .debug_str     0x0041c089        0x5 lib/stdio.o
 .debug_str     0x0041c08e        0x9 lib/qsort.o
 .debug_str     0x0041c097       0x17 ../lib/memcpy.o
 .debug_str     0x0041c0ae       0x53 ../lib/snprintf.o
 .debug_str     0x0041c101        0x6 lib/malloc.o
 .debug_str     0x0041c107       0x6e ../lib/tlsf/tlsf.o

.debug_loc      0x0041d000     0xae00
 *(.debug_loc)
 .debug_loc     0x0041d000      0x230 vm86call.o
 .debug_loc     0x0041d230      0xa06 graphics.o
 .debug_loc     0x0041dc36      0x842 main.o
 .debug_loc     0x0041e478      0x49b lib/math.o
 .debug_loc     0x0041e913      0x338 lib/stdio.o
 .debug_loc     0x0041ec4b      0xdf1 lib/stdlib.o
 .debug_loc     0x0041fa3c     0x16cc lib/qsort.o
 .debug_loc     0x00421108      0x514 ../lib/softfloat.o
 .debug_loc     0x0042161c      0xc06 ../lib/string.o
 .debug_loc     0x00422222      0x979 ../lib/memcpy.o
 .debug_loc     0x00422b9b      0x23e ../lib/memset.o
 .debug_loc     0x00422dd9     0x2b75 ../lib/snprintf.o
 .debug_loc     0x0042594e      0x135 lib/malloc.o
 .debug_loc     0x00425a83     0x21a0 ../lib/tlsf/tlsf.o

.debug_macinfo
 *(.debug_macinfo)

.debug_weaknames
 *(.debug_weaknames)

.debug_funcnames
 *(.debug_funcnames)

.debug_typenames
 *(.debug_typenames)

.debug_varnames
 *(.debug_varnames)

.debug_macro
 *(.debug_macro)

.debug_ranges   0x00428000      0xa00
 *(.debug_ranges)
 .debug_ranges  0x00428000       0xd8 graphics.o
 .debug_ranges  0x004280d8       0x18 main.o
 .debug_ranges  0x004280f0       0x38 lib/math.o
 .debug_ranges  0x00428128       0xb0 lib/stdlib.o
 .debug_ranges  0x004281d8      0x298 lib/qsort.o
 .debug_ranges  0x00428470       0x30 ../lib/softfloat.o
 .debug_ranges  0x004284a0       0x40 ../lib/string.o
 .debug_ranges  0x004284e0       0x48 ../lib/memcpy.o
 .debug_ranges  0x00428528      0x1b0 ../lib/snprintf.o
 .debug_ranges  0x004286d8      0x1d8 ../lib/tlsf/tlsf.o

.debug_types
 *(.debug_types .gnu.linkonce.wt.*)
OUTPUT(a.out pei-i386)
